// Jest Snapshot v1, https://goo.gl/fbAQLP

exports[`AppBar.vue should match snapshot 1`] = `
<div>
  <v-toolbar-stub
    color="primary"
    dark="true"
    scrollthreshold="300"
  >
    <v-toolbar-title-stub
      class="white--text"
      id="bsc-app-title"
    >
      
      Bus-stop crowdsourcing web application
    
    </v-toolbar-title-stub>
     
    <v-spacer-stub />
     
    <v-toolbar-items-stub>
      <h1
        class="headline py-3"
        id="bsc-app-total-fund"
      >
        
        Total Donation: 
        
        <v-icon-stub>
          attach_money
        </v-icon-stub>
        
        0
      
      </h1>
    </v-toolbar-items-stub>
  </v-toolbar-stub>
</div>
`;
