// Jest Snapshot v1, https://goo.gl/fbAQLP

exports[`BusStopDetails.vue | with selected bus stop should match snapshot 1`] = `
<v-container-stub
  fluid=""
  grid-list-md=""
  tag="div"
>
  <!---->
   
  <v-layout-stub
    justify-center=""
    row=""
    tag="div"
    wrap=""
  >
    <v-flex-stub
      tag="div"
      xs8=""
    >
      <stepper-stub />
    </v-flex-stub>
  </v-layout-stub>
   
  <!---->
</v-container-stub>
`;
