// Jest Snapshot v1, https://goo.gl/fbAQLP

exports[`CompleteTransaction.vue should match snapshot 1`] = `
<v-card-stub
  tag="div"
>
  <v-container-stub
    fluid=""
    grid-list-xl=""
    tag="div"
  >
    <v-layout-stub
      row=""
      tag="div"
    >
      <v-flex-stub
        tag="div"
        xs12=""
      >
        <h2>
          
            Thank you for supporting our Move Hertz at Portman Blvd with your donation of
            
          <v-icon-stub>
            attach_money
          </v-icon-stub>
          
            700.
         
        </h2>
      </v-flex-stub>
    </v-layout-stub>
     
    <v-card-actions-stub>
      <v-spacer-stub />
       
      <custom-button-stub
        btntype="button"
      >
        
          Done
        
      </custom-button-stub>
    </v-card-actions-stub>
  </v-container-stub>
</v-card-stub>
`;
