// Jest Snapshot v1, https://goo.gl/fbAQLP

exports[`Payment.vue should match snapshot 1`] = `
<v-card-stub
  tag="div"
>
  <v-form-stub>
    <v-container-stub
      fluid=""
      grid-list-xl=""
      tag="div"
    >
      <!---->
       
      <v-layout-stub
        row=""
        tag="div"
      >
        <v-flex-stub
          tag="div"
          xs12=""
        >
          <h2>
            
          Your selected amount:  
          
            <v-icon-stub
              left=""
            >
              attach_money
            </v-icon-stub>
            
          0
         
          </h2>
        </v-flex-stub>
      </v-layout-stub>
       
      <v-layout-stub
        row=""
        tag="div"
      >
        <v-flex-stub
          tag="div"
          xs8=""
        >
          <v-text-field-stub
            hint="1231 - 2312 - 3123 - 1231"
            label="Card No"
            mask="credit-card"
            required=""
            rules="value => {
          return (value || '').trim().length === 16 || 'Enter valid credit card number';
        }"
            value=""
          />
        </v-flex-stub>
      </v-layout-stub>
       
      <v-layout-stub
        row=""
        tag="div"
      >
        <v-flex-stub
          tag="div"
          xs8=""
        >
          <v-text-field-stub
            hint="Joseph"
            label="Name of AC holder"
            required=""
            rules="value => {
          return (value || '').trim().length > 0 || 'Enter card holder name';
        }"
            value=""
          />
        </v-flex-stub>
      </v-layout-stub>
       
      <v-layout-stub
        row=""
        tag="div"
      >
        <v-flex-stub
          tag="div"
          xs8=""
        >
          <v-text-field-stub
            hint="MM/YYYY"
            label="Expiry Date"
            mask="##/####"
            required=""
            rules="value => {
          return (value || '').trim().length === 6 || 'Enter valid expiry date';
        }"
            value=""
          />
        </v-flex-stub>
         
        <v-flex-stub
          tag="div"
          xs4=""
        >
          <v-text-field-stub
            hint="1234"
            label="CVV"
            mask="####"
            required=""
            rules="value => {
          return (value || '').trim().length > 2 || 'Enter valid CVC number';
        }"
            value=""
          />
        </v-flex-stub>
      </v-layout-stub>
       
      <v-layout-stub
        row=""
        tag="div"
      >
        <v-flex-stub
          tag="div"
          xs12=""
        >
          <!---->
        </v-flex-stub>
      </v-layout-stub>
       
      <v-card-actions-stub>
        <custom-button-stub
          btntype="button"
        >
          
        Previous 
      
        </custom-button-stub>
         
        <v-spacer-stub />
         
        <custom-button-stub
          btntype="button"
          disabled="true"
          type="submit"
        >
          
        Make Payment 
      
        </custom-button-stub>
      </v-card-actions-stub>
    </v-container-stub>
  </v-form-stub>
</v-card-stub>
`;
