// Jest Snapshot v1, https://goo.gl/fbAQLP

exports[`Stepper.vue should match snapshot 1`] = `
<v-stepper-stub
  value="1"
>
  <v-stepper-header-stub>
    <v-stepper-step-stub
      color="primary"
      completeicon="$vuetify.icons.complete"
      editicon="$vuetify.icons.edit"
      erroricon="$vuetify.icons.error"
      rules=""
      step="1"
    >
      
        Donate
      
    </v-stepper-step-stub>
     
    <v-divider-stub />
    <v-stepper-step-stub
      color="primary"
      completeicon="$vuetify.icons.complete"
      editicon="$vuetify.icons.edit"
      erroricon="$vuetify.icons.error"
      rules=""
      step="2"
    >
      
        Your Information
      
    </v-stepper-step-stub>
     
    <v-divider-stub />
    <v-stepper-step-stub
      color="primary"
      completeicon="$vuetify.icons.complete"
      editicon="$vuetify.icons.edit"
      erroricon="$vuetify.icons.error"
      rules=""
      step="3"
    >
      
        Payment Information
      
    </v-stepper-step-stub>
     
    <v-divider-stub />
    <v-stepper-step-stub
      color="primary"
      completeicon="$vuetify.icons.complete"
      editicon="$vuetify.icons.edit"
      erroricon="$vuetify.icons.error"
      rules=""
      step="4"
    >
      
        Payment Successful
      
    </v-stepper-step-stub>
     
    <v-divider-stub />
  </v-stepper-header-stub>
   
  <v-stepper-items-stub>
    <v-stepper-content-stub
      step="1"
    >
      <donate-stub />
    </v-stepper-content-stub>
    <v-stepper-content-stub
      step="2"
    >
      <userinfo-stub />
    </v-stepper-content-stub>
    <v-stepper-content-stub
      step="3"
    >
      <payment-stub />
    </v-stepper-content-stub>
    <v-stepper-content-stub
      step="4"
    >
      <completetransaction-stub />
    </v-stepper-content-stub>
  </v-stepper-items-stub>
</v-stepper-stub>
`;
