// Jest Snapshot v1, https://goo.gl/fbAQLP

exports[`UserInfo.vue should match snapshot 1`] = `
<v-card-stub
  tag="div"
>
  <v-form-stub>
    <v-container-stub
      fluid=""
      grid-list-xl=""
      tag="div"
    >
      <v-layout-stub
        row=""
        tag="div"
      >
        <v-flex-stub
          tag="div"
          xs12=""
        >
          <h2>
            
          You selected amount:  
           
            <v-icon-stub
              left=""
            >
              attach_money
            </v-icon-stub>
            
           0
          
          </h2>
        </v-flex-stub>
      </v-layout-stub>
       
      <v-layout-stub
        row=""
        tag="div"
      >
        <v-flex-stub
          pl-0=""
          tag="div"
          xs2=""
        >
          <v-subheader-stub>
            Full Name: 
          </v-subheader-stub>
        </v-flex-stub>
         
        <v-flex-stub
          tag="div"
          xs8=""
        >
          <v-text-field-stub
            label="Full Name"
            required=""
            rules="value => {
          return (value || '').trim().length > 0 || 'Enter your full name';
        }"
            value=""
          />
        </v-flex-stub>
      </v-layout-stub>
       
      <v-layout-stub
        row=""
        tag="div"
      >
        <v-flex-stub
          pl-0=""
          tag="div"
          xs2=""
        >
          <v-subheader-stub>
            Email: 
            <small>
              (optional)
            </small>
          </v-subheader-stub>
        </v-flex-stub>
         
        <v-flex-stub
          tag="div"
          xs8=""
        >
          <v-text-field-stub
            label="Email"
            type="email"
            value=""
          />
        </v-flex-stub>
      </v-layout-stub>
       
      <v-card-actions-stub>
        <custom-button-stub
          btntype="button"
        >
          
         Previous 
       
        </custom-button-stub>
         
        <v-spacer-stub />
         
        <custom-button-stub
          btntype="button"
          disabled="true"
          type="submit"
        >
          
         Next 
       
        </custom-button-stub>
      </v-card-actions-stub>
    </v-container-stub>
  </v-form-stub>
</v-card-stub>
`;
